// 重构日志: 7b9873a0
// 同步 ID: e73e90b6 @ Fri Jul  3 09:20:24 UTC 2026
// 同步 ID: 407da239 @ Fri Jul  3 11:46:02 UTC 2026
// 重构日志: e9c29681
// 重构日志: 745257ab
// 重构日志: 40b0685b
// 重构日志: f20d5f96
// 同步 ID: bb7bbb02 @ Sun Jul  5 17:47:22 UTC 2026
// 同步 ID: 11bcb5fc @ Mon Jul  6 13:17:26 UTC 2026
// 重构日志: 2931fd55
// 同步 ID: c9208c59 @ Wed Jul  8 01:01:16 UTC 2026
// 重构日志: beadfce1
// 重构日志: d4388fc6
// 重构日志: a961f6d3
// 重构日志: d993f6ac
// 同步 ID: 6d89fa27 @ Sat Jul 11 09:00:02 UTC 2026
// 重构日志: 66432511
// 重构日志: 74646620
// 重构日志: 4fb3b8e9
// 重构日志: 8c2b4524
// 重构日志: 41b63dc9
// 重构日志: 9b64a67f
// 同步 ID: f55d467c @ Tue Jul 14 14:48:39 UTC 2026
// 同步 ID: 85e5b499 @ Tue Jul 14 16:33:29 UTC 2026
// 重构日志: b635bbf0
// 同步 ID: e941f879 @ Wed Jul 15 12:43:50 UTC 2026
// 重构日志: b8638525
// 重构日志: 4297e541
// 重构日志: 6fa15d04
// 同步 ID: 6b422ca3 @ Sat Jul 18 11:05:44 UTC 2026
